
[1m[30m[46m RUN [49m[39m[22m [36mv4.1.4 [39m[90mC:/Users/Adam/Dropbox/Documents/homework/Personal Projects/Chain of Command Game/app[39m

[90mstdout[2m | src/store/stationCombat.test.ts[2m > [22m[2mStation Combat Mechanics[2m > [22m[2mDamage Control log correctly reports repaired amount
[22m[39mLOGS: [undefined] ΓòÉx ΓòÉ Chief O'Bannon: Repaired 2 hull on Ship 1 (5 ΓòÉ   7/10)
[undefined] Miracle Work boosted Chief O'Bannon's hull repair to 2.
[undefined] Miracle Work: Chief O'Bannon rolled 6 on D6 (CRITICAL).
[undefined] Miracle Work: Chief O'Bannon optimized the power grid and gained +1 CT.

 [31mΓ¥»[39m src/store/stationCombat.test.ts [2m([22m[2m3 tests[22m[2m | [22m[31m2 failed[39m[2m)[22m[32m 11[2mms[22m[39m
[31m     [31m├ù[31m Target Lock on a station is consumed after an attack[39m[32m 7[2mms[22m[39m
     [32mΓ£ô[39m Target Lock on a station is cleared during Cleanup Phase[32m 2[2mms[22m[39m
[31m     [31m├ù[31m Damage Control log correctly reports repaired amount[39m[32m 2[2mms[22m[39m
node.exe : 
At line:1 char:1
+ & "C:\Program Files\nodejs/node.exe" "C:\Program Files\nodejs/node_mo ...
+ ~~~~~~~~~~~~~~~~~~~~~~~~~~~~~~~~~~~~~~~~~~~~~~~~~~~~~~~~~~~~~~~~~~~~~
    + CategoryInfo          : NotSpecified: (:String) [], RemoteException
    + FullyQualifiedErrorId : NativeCommandError
 
[31mΓÄ»ΓÄ»ΓÄ»ΓÄ»ΓÄ»ΓÄ»ΓÄ»[39m[1m[41m Failed Tests 2 [49m[22m[31mΓÄ»ΓÄ»ΓÄ»ΓÄ»ΓÄ»ΓÄ»ΓÄ»[39m

[41m[1m FAIL [22m[49m src/store/stationCombat.test.ts[2m > [22mStation Combat Mechanics[2m > [22mTarget Lock 
on a station is consumed after an attack
[31m[1mAssertionError[22m: expected 1 to be +0 // Object.is equality[39m

[32m- Expected[39m
[31m+ Received[39m

[32m- 0[39m
[31m+ 1[39m

[36m [2mΓ¥»[22m src/store/stationCombat.test.ts:[2m77:50[22m[39m
    [90m 75|[39m     [35mconst[39m station [33m=[39m 
useGameStore[33m.[39m[34mgetState[39m()[33m.[39mstations[[34m0[39m][33m;[39m
    [90m 76|[39m     
[34mexpect[39m(station[33m.[39mtargetLocks)[33m.[39m[34mtoEqual[39m([[33m-[39m[34m2[39m])[33m;[39m
    [90m 77|[39m     
[34mexpect[39m(station[33m.[39mtargetLockArmorPiercingShots)[33m.[39m[34mtoBe[39m([34m0[39m)[33m;[39m
    [90m   |[39m                                                  [31m^[39m
    [90m 78|[39m   })[33m;[39m
    [90m 79|[39m

[31m[2mΓÄ»ΓÄ»ΓÄ»ΓÄ»ΓÄ»ΓÄ»ΓÄ»ΓÄ»ΓÄ»ΓÄ»ΓÄ»ΓÄ»ΓÄ»ΓÄ»ΓÄ»ΓÄ»ΓÄ»ΓÄ»ΓÄ»ΓÄ»ΓÄ»ΓÄ»ΓÄ»ΓÄ»[1/2]ΓÄ»[22m[39m

[41m[1m FAIL [22m[49m src/store/stationCombat.test.ts[2m > [22mStation Combat Mechanics[2m > [22mDamage 
Control log correctly reports repaired amount
[31m[1mAssertionError[22m: expected undefined to be defined[39m
[36m [2mΓ¥»[22m src/store/stationCombat.test.ts:[2m112:23[22m[39m
    [90m110|[39m     }
    [90m111|[39m
    [90m112|[39m     [34mexpect[39m(repairLog)[33m.[39m[34mtoBeDefined[39m()[33m;[39m
    [90m   |[39m                       [31m^[39m
    [90m113|[39m     [34mexpect[39m(repairLog[33m?.[39mmessage)[33m.[39m[34mtoContain[39m([32m'Repaired 2 
hull'[39m)[33m;[39m
    [90m114|[39m     spy[33m.[39m[34mmockRestore[39m()[33m;[39m

[31m[2mΓÄ»ΓÄ»ΓÄ»ΓÄ»ΓÄ»ΓÄ»ΓÄ»ΓÄ»ΓÄ»ΓÄ»ΓÄ»ΓÄ»ΓÄ»ΓÄ»ΓÄ»ΓÄ»ΓÄ»ΓÄ»ΓÄ»ΓÄ»ΓÄ»ΓÄ»ΓÄ»ΓÄ»[2/2]ΓÄ»[22m[39m


[2m Test Files [22m [1m[31m1 failed[39m[22m[90m (1)[39m
[2m      Tests [22m [1m[31m2 failed[39m[22m[2m | [22m[1m[32m1 passed[39m[22m[90m (3)[39m
[2m   Start at [22m 22:13:49
[2m   Duration [22m 1.46s[2m (transform 249ms, setup 98ms, import 288ms, tests 11ms, environment 933ms)[22m

